

Microchip MPLAB XC8 Assembler V3.10 build 20250813170317 
                                                                                               Thu May 21 10:24:05 2026

Microchip MPLAB XC8 C Compiler v3.10 (Free license) build 20250813170317 Og1 
     1                           	processor	16F877A
     2                           	pagewidth 120
     3                           	opt	flic
     4                           	psect	cinit,global,class=CODE,space=0,merge=1,delta=2
     5                           	psect	cstackCOMMON,global,class=COMMON,space=1,delta=1,noexec
     6                           	psect	cstackBANK0,global,class=BANK0,space=1,delta=1,noexec
     7                           	psect	maintext,global,class=CODE,space=0,split=1,delta=2
     8                           	psect	text1,local,class=CODE,space=0,merge=1,delta=2
     9                           	psect	text2,local,class=CODE,space=0,merge=1,delta=2,group=1
    10                           	psect	text3,local,class=CODE,space=0,merge=1,delta=2,group=1
    11                           	psect	text4,local,class=CODE,space=0,merge=1,delta=2
    12                           	dabs	1,0x7E,2
    13     0000                     
    14                           ; Generated 22/04/2026 GMT
    15                           ; 
    16                           ; Copyright (c) 2026 Microchip Technology Inc. and its subsidiaries.
    17                           ; 
    18                           ; Licensed under the Apache License, Version 2.0 (the "License");
    19                           ; you may not use this file except in compliance with the License.
    20                           ; You may obtain a copy of the License at
    21                           ; 
    22                           ;   http://www.apache.org/licenses/LICENSE-2.0
    23                           ; 
    24                           ; Unless required by applicable law or agreed to in writing, software
    25                           ; distributed under the License is distributed on an "AS IS" BASIS,
    26                           ; WITHOUT WARRANTIES OR CONDITIONS OF ANY KIND, either express or implied.
    27                           ; See the License for the specific language governing permissions and
    28                           ; limitations under the License.
    29                           ; 
    30                           ; 
    31                           ; Code-generator required, PIC16F877A Definitions
    32                           ; 
    33                           ; SFR Addresses
    34     0004                     fsr             equ	4
    35     0004                     fsr0            equ	4
    36     0000                     indf            equ	0
    37     0000                     indf0           equ	0
    38     0002                     pc              equ	2
    39     0002                     pcl             equ	2
    40     000A                     pclath          equ	10
    41     0003                     status          equ	3
    42     0000                     INDF            equ	0	;# 
    43     0001                     TMR0            equ	1	;# 
    44     0002                     PCL             equ	2	;# 
    45     0003                     STATUS          equ	3	;# 
    46     0004                     FSR             equ	4	;# 
    47     0005                     PORTA           equ	5	;# 
    48     0006                     PORTB           equ	6	;# 
    49     0007                     PORTC           equ	7	;# 
    50     0008                     PORTD           equ	8	;# 
    51     0009                     PORTE           equ	9	;# 
    52     000A                     PCLATH          equ	10	;# 
    53     000B                     INTCON          equ	11	;# 
    54     000C                     PIR1            equ	12	;# 
    55     000D                     PIR2            equ	13	;# 
    56     000E                     TMR1            equ	14	;# 
    57     000E                     TMR1L           equ	14	;# 
    58     000F                     TMR1H           equ	15	;# 
    59     0010                     T1CON           equ	16	;# 
    60     0011                     TMR2            equ	17	;# 
    61     0012                     T2CON           equ	18	;# 
    62     0013                     SSPBUF          equ	19	;# 
    63     0014                     SSPCON          equ	20	;# 
    64     0015                     CCPR1           equ	21	;# 
    65     0015                     CCPR1L          equ	21	;# 
    66     0016                     CCPR1H          equ	22	;# 
    67     0017                     CCP1CON         equ	23	;# 
    68     0018                     RCSTA           equ	24	;# 
    69     0019                     TXREG           equ	25	;# 
    70     001A                     RCREG           equ	26	;# 
    71     001B                     CCPR2           equ	27	;# 
    72     001B                     CCPR2L          equ	27	;# 
    73     001C                     CCPR2H          equ	28	;# 
    74     001D                     CCP2CON         equ	29	;# 
    75     001E                     ADRESH          equ	30	;# 
    76     001F                     ADCON0          equ	31	;# 
    77     0081                     OPTION_REG      equ	129	;# 
    78     0085                     TRISA           equ	133	;# 
    79     0086                     TRISB           equ	134	;# 
    80     0087                     TRISC           equ	135	;# 
    81     0088                     TRISD           equ	136	;# 
    82     0089                     TRISE           equ	137	;# 
    83     008C                     PIE1            equ	140	;# 
    84     008D                     PIE2            equ	141	;# 
    85     008E                     PCON            equ	142	;# 
    86     0091                     SSPCON2         equ	145	;# 
    87     0092                     PR2             equ	146	;# 
    88     0093                     SSPADD          equ	147	;# 
    89     0094                     SSPSTAT         equ	148	;# 
    90     0098                     TXSTA           equ	152	;# 
    91     0099                     SPBRG           equ	153	;# 
    92     009C                     CMCON           equ	156	;# 
    93     009D                     CVRCON          equ	157	;# 
    94     009E                     ADRESL          equ	158	;# 
    95     009F                     ADCON1          equ	159	;# 
    96     010C                     EEDATA          equ	268	;# 
    97     010D                     EEADR           equ	269	;# 
    98     010E                     EEDATH          equ	270	;# 
    99     010F                     EEADRH          equ	271	;# 
   100     018C                     EECON1          equ	396	;# 
   101     018D                     EECON2          equ	397	;# 
   102     0000                     INDF            equ	0	;# 
   103     0001                     TMR0            equ	1	;# 
   104     0002                     PCL             equ	2	;# 
   105     0003                     STATUS          equ	3	;# 
   106     0004                     FSR             equ	4	;# 
   107     0005                     PORTA           equ	5	;# 
   108     0006                     PORTB           equ	6	;# 
   109     0007                     PORTC           equ	7	;# 
   110     0008                     PORTD           equ	8	;# 
   111     0009                     PORTE           equ	9	;# 
   112     000A                     PCLATH          equ	10	;# 
   113     000B                     INTCON          equ	11	;# 
   114     000C                     PIR1            equ	12	;# 
   115     000D                     PIR2            equ	13	;# 
   116     000E                     TMR1            equ	14	;# 
   117     000E                     TMR1L           equ	14	;# 
   118     000F                     TMR1H           equ	15	;# 
   119     0010                     T1CON           equ	16	;# 
   120     0011                     TMR2            equ	17	;# 
   121     0012                     T2CON           equ	18	;# 
   122     0013                     SSPBUF          equ	19	;# 
   123     0014                     SSPCON          equ	20	;# 
   124     0015                     CCPR1           equ	21	;# 
   125     0015                     CCPR1L          equ	21	;# 
   126     0016                     CCPR1H          equ	22	;# 
   127     0017                     CCP1CON         equ	23	;# 
   128     0018                     RCSTA           equ	24	;# 
   129     0019                     TXREG           equ	25	;# 
   130     001A                     RCREG           equ	26	;# 
   131     001B                     CCPR2           equ	27	;# 
   132     001B                     CCPR2L          equ	27	;# 
   133     001C                     CCPR2H          equ	28	;# 
   134     001D                     CCP2CON         equ	29	;# 
   135     001E                     ADRESH          equ	30	;# 
   136     001F                     ADCON0          equ	31	;# 
   137     0081                     OPTION_REG      equ	129	;# 
   138     0085                     TRISA           equ	133	;# 
   139     0086                     TRISB           equ	134	;# 
   140     0087                     TRISC           equ	135	;# 
   141     0088                     TRISD           equ	136	;# 
   142     0089                     TRISE           equ	137	;# 
   143     008C                     PIE1            equ	140	;# 
   144     008D                     PIE2            equ	141	;# 
   145     008E                     PCON            equ	142	;# 
   146     0091                     SSPCON2         equ	145	;# 
   147     0092                     PR2             equ	146	;# 
   148     0093                     SSPADD          equ	147	;# 
   149     0094                     SSPSTAT         equ	148	;# 
   150     0098                     TXSTA           equ	152	;# 
   151     0099                     SPBRG           equ	153	;# 
   152     009C                     CMCON           equ	156	;# 
   153     009D                     CVRCON          equ	157	;# 
   154     009E                     ADRESL          equ	158	;# 
   155     009F                     ADCON1          equ	159	;# 
   156     010C                     EEDATA          equ	268	;# 
   157     010D                     EEADR           equ	269	;# 
   158     010E                     EEDATH          equ	270	;# 
   159     010F                     EEADRH          equ	271	;# 
   160     018C                     EECON1          equ	396	;# 
   161     018D                     EECON2          equ	397	;# 
   162     0000                     INDF            equ	0	;# 
   163     0001                     TMR0            equ	1	;# 
   164     0002                     PCL             equ	2	;# 
   165     0003                     STATUS          equ	3	;# 
   166     0004                     FSR             equ	4	;# 
   167     0005                     PORTA           equ	5	;# 
   168     0006                     PORTB           equ	6	;# 
   169     0007                     PORTC           equ	7	;# 
   170     0008                     PORTD           equ	8	;# 
   171     0009                     PORTE           equ	9	;# 
   172     000A                     PCLATH          equ	10	;# 
   173     000B                     INTCON          equ	11	;# 
   174     000C                     PIR1            equ	12	;# 
   175     000D                     PIR2            equ	13	;# 
   176     000E                     TMR1            equ	14	;# 
   177     000E                     TMR1L           equ	14	;# 
   178     000F                     TMR1H           equ	15	;# 
   179     0010                     T1CON           equ	16	;# 
   180     0011                     TMR2            equ	17	;# 
   181     0012                     T2CON           equ	18	;# 
   182     0013                     SSPBUF          equ	19	;# 
   183     0014                     SSPCON          equ	20	;# 
   184     0015                     CCPR1           equ	21	;# 
   185     0015                     CCPR1L          equ	21	;# 
   186     0016                     CCPR1H          equ	22	;# 
   187     0017                     CCP1CON         equ	23	;# 
   188     0018                     RCSTA           equ	24	;# 
   189     0019                     TXREG           equ	25	;# 
   190     001A                     RCREG           equ	26	;# 
   191     001B                     CCPR2           equ	27	;# 
   192     001B                     CCPR2L          equ	27	;# 
   193     001C                     CCPR2H          equ	28	;# 
   194     001D                     CCP2CON         equ	29	;# 
   195     001E                     ADRESH          equ	30	;# 
   196     001F                     ADCON0          equ	31	;# 
   197     0081                     OPTION_REG      equ	129	;# 
   198     0085                     TRISA           equ	133	;# 
   199     0086                     TRISB           equ	134	;# 
   200     0087                     TRISC           equ	135	;# 
   201     0088                     TRISD           equ	136	;# 
   202     0089                     TRISE           equ	137	;# 
   203     008C                     PIE1            equ	140	;# 
   204     008D                     PIE2            equ	141	;# 
   205     008E                     PCON            equ	142	;# 
   206     0091                     SSPCON2         equ	145	;# 
   207     0092                     PR2             equ	146	;# 
   208     0093                     SSPADD          equ	147	;# 
   209     0094                     SSPSTAT         equ	148	;# 
   210     0098                     TXSTA           equ	152	;# 
   211     0099                     SPBRG           equ	153	;# 
   212     009C                     CMCON           equ	156	;# 
   213     009D                     CVRCON          equ	157	;# 
   214     009E                     ADRESL          equ	158	;# 
   215     009F                     ADCON1          equ	159	;# 
   216     010C                     EEDATA          equ	268	;# 
   217     010D                     EEADR           equ	269	;# 
   218     010E                     EEDATH          equ	270	;# 
   219     010F                     EEADRH          equ	271	;# 
   220     018C                     EECON1          equ	396	;# 
   221     018D                     EECON2          equ	397	;# 
   222     0011                     _TMR2           set	17
   223     0012                     _T2CON          set	18
   224     001D                     _CCP2CONbits    set	29
   225     001B                     _CCPR2L         set	27
   226     001D                     _CCP2CON        set	29
   227     0030                     _RB0            set	48
   228     0031                     _RB1            set	49
   229     0092                     _PR2            set	146
   230     0087                     _TRISCbits      set	135
   231     0086                     _TRISB          set	134
   232                           
   233                           	psect	cinit
   234     07FC                     start_initialization:	
   235                           ; #config settings
   236                           
   237     07FC                     __initialization:
   238     07FC                     end_of_initialization:	
   239                           ;End of C runtime variable initialization code
   240                           
   241     07FC                     __end_of__initialization:
   242     07FC  0183               	clrf	3
   243     07FD  120A  118A  2EC0   	ljmp	_main	;jump to C main() function
   244                           
   245                           	psect	cstackCOMMON
   246     0070                     __pcstackCOMMON:
   247     0070                     ?_PWM_Init:
   248     0070                     ?_main:	
   249                           ; 1 bytes @ 0x0
   250                           
   251     0070                     ?___lmul:	
   252                           ; 1 bytes @ 0x0
   253                           
   254     0070                     ___lmul@multiplier:	
   255                           ; 4 bytes @ 0x0
   256                           
   257     0070                     ??_PWM_Init:	
   258                           ; 4 bytes @ 0x0
   259                           
   260                           
   261                           ; 1 bytes @ 0x0
   262     0070                     	ds	4
   263     0074                     ___lmul@multiplicand:
   264                           
   265                           ; 4 bytes @ 0x4
   266     0074                     	ds	4
   267     0078                     ??___lmul:
   268                           
   269                           ; 1 bytes @ 0x8
   270     0078                     	ds	1
   271     0079                     ___lmul@product:
   272                           
   273                           ; 4 bytes @ 0x9
   274     0079                     	ds	4
   275     007D                     ??___lldiv:
   276                           
   277                           ; 1 bytes @ 0xD
   278     007D                     	ds	1
   279     007E                     ??_main:
   280                           
   281                           	psect	cstackBANK0
   282     0020                     __pcstackBANK0:	
   283                           ; 1 bytes @ 0xE
   284                           
   285     0020                     ?___lldiv:
   286     0020                     ___lldiv@divisor:	
   287                           ; 4 bytes @ 0x0
   288                           
   289                           
   290                           ; 4 bytes @ 0x0
   291     0020                     	ds	4
   292     0024                     ___lldiv@dividend:
   293                           
   294                           ; 4 bytes @ 0x4
   295     0024                     	ds	4
   296     0028                     ___lldiv@quotient:
   297                           
   298                           ; 4 bytes @ 0x8
   299     0028                     	ds	4
   300     002C                     ___lldiv@counter:
   301                           
   302                           ; 1 bytes @ 0xC
   303     002C                     	ds	1
   304     002D                     ?_PWM_Set:
   305     002D                     PWM_Set@porcentaje:	
   306                           ; 1 bytes @ 0xD
   307                           
   308                           
   309                           ; 2 bytes @ 0xD
   310     002D                     	ds	2
   311     002F                     ??_PWM_Set:
   312                           
   313                           ; 1 bytes @ 0xF
   314     002F                     	ds	3
   315     0032                     PWM_Set@duty:
   316                           
   317                           ; 2 bytes @ 0x12
   318     0032                     	ds	2
   319                           
   320                           	psect	maintext
   321     06C0                     __pmaintext:	
   322 ;;
   323 ;;Main: autosize = 0, tempsize = 0, incstack = 0, save=0
   324 ;;
   325 ;; *************** function _main *****************
   326 ;; Defined at:
   327 ;;		line 11 in file "main.c"
   328 ;; Parameters:    Size  Location     Type
   329 ;;		None
   330 ;; Auto vars:     Size  Location     Type
   331 ;;		None
   332 ;; Return value:  Size  Location     Type
   333 ;;                  1    wreg      void 
   334 ;; Registers used:
   335 ;;		wreg, status,2, status,0, pclath, btemp1, cstack
   336 ;; Tracked objects:
   337 ;;		On entry : B00/0
   338 ;;		On exit  : 0/0
   339 ;;		Unchanged: 0/0
   340 ;; Data sizes:     COMMON   BANK0   BANK1   BANK3   BANK2
   341 ;;      Params:         0       0       0       0       0
   342 ;;      Locals:         0       0       0       0       0
   343 ;;      Temps:          0       0       0       0       0
   344 ;;      Totals:         0       0       0       0       0
   345 ;;Total ram usage:        0 bytes
   346 ;; Hardware stack levels required when called: 2
   347 ;; This function calls:
   348 ;;		_PWM_Init
   349 ;;		_PWM_Set
   350 ;; This function is called by:
   351 ;;		Startup code after reset
   352 ;; This function uses a non-reentrant model
   353 ;;
   354                           
   355     06C0                     _main:	
   356                           ;psect for function _main
   357                           
   358     06C0                     l734:	
   359                           ;incstack = 0
   360                           ; Regs used in _main: [wreg+status,2+status,0+pclath+btemp1+cstack]
   361                           
   362                           
   363                           ;main.c: 12:     PWM_Init();
   364     06C0  120A  118A  266A  120A  118A  	fcall	_PWM_Init
   365     06C5                     l736:
   366                           
   367                           ;main.c: 13:     TRISB=0b1111111;
   368     06C5  307F               	movlw	127
   369     06C6  1683               	bsf	3,5	;RP0=1, select bank1
   370     06C7  1303               	bcf	3,6	;RP1=0, select bank1
   371     06C8  0086               	movwf	6	;volatile
   372     06C9                     l738:
   373                           
   374                           ;main.c: 15:         if((RB1==0)&&(RB0==0)){
   375     06C9  1283               	bcf	3,5	;RP0=0, select bank0
   376     06CA  1303               	bcf	3,6	;RP1=0, select bank0
   377     06CB  1886               	btfsc	6,1	;volatile
   378     06CC  2ECE               	goto	u371
   379     06CD  2ECF               	goto	u370
   380     06CE                     u371:
   381     06CE  2EDD               	goto	l16
   382     06CF                     u370:
   383     06CF                     l740:
   384     06CF  1806               	btfsc	6,0	;volatile
   385     06D0  2ED2               	goto	u381
   386     06D1  2ED3               	goto	u380
   387     06D2                     u381:
   388     06D2  2EDD               	goto	l16
   389     06D3                     u380:
   390     06D3                     l742:
   391                           
   392                           ;main.c: 16:             PWM_Set(25);
   393     06D3  3019               	movlw	25
   394     06D4  00AD               	movwf	PWM_Set@porcentaje
   395     06D5  3000               	movlw	0
   396     06D6  00AE               	movwf	PWM_Set@porcentaje+1
   397     06D7  120A  118A  2785  120A  118A  	fcall	_PWM_Set
   398                           
   399                           ;main.c: 17:         }else if((RB1==0)&&(RB0==1)){
   400     06DC  2EC9               	goto	l738
   401     06DD                     l16:
   402     06DD  1886               	btfsc	6,1	;volatile
   403     06DE  2EE0               	goto	u391
   404     06DF  2EE1               	goto	u390
   405     06E0                     u391:
   406     06E0  2EEF               	goto	l18
   407     06E1                     u390:
   408     06E1                     l744:
   409     06E1  1C06               	btfss	6,0	;volatile
   410     06E2  2EE4               	goto	u401
   411     06E3  2EE5               	goto	u400
   412     06E4                     u401:
   413     06E4  2EEF               	goto	l18
   414     06E5                     u400:
   415     06E5                     l746:
   416                           
   417                           ;main.c: 18:             PWM_Set(50);
   418     06E5  3032               	movlw	50
   419     06E6  00AD               	movwf	PWM_Set@porcentaje
   420     06E7  3000               	movlw	0
   421     06E8  00AE               	movwf	PWM_Set@porcentaje+1
   422     06E9  120A  118A  2785  120A  118A  	fcall	_PWM_Set
   423                           
   424                           ;main.c: 19:         }else if((RB1==1)&&(RB0==0)){
   425     06EE  2EC9               	goto	l738
   426     06EF                     l18:
   427     06EF  1C86               	btfss	6,1	;volatile
   428     06F0  2EF2               	goto	u411
   429     06F1  2EF3               	goto	u410
   430     06F2                     u411:
   431     06F2  2F01               	goto	l20
   432     06F3                     u410:
   433     06F3                     l748:
   434     06F3  1806               	btfsc	6,0	;volatile
   435     06F4  2EF6               	goto	u421
   436     06F5  2EF7               	goto	u420
   437     06F6                     u421:
   438     06F6  2F01               	goto	l20
   439     06F7                     u420:
   440     06F7                     l750:
   441                           
   442                           ;main.c: 20:             PWM_Set(75);
   443     06F7  304B               	movlw	75
   444     06F8  00AD               	movwf	PWM_Set@porcentaje
   445     06F9  3000               	movlw	0
   446     06FA  00AE               	movwf	PWM_Set@porcentaje+1
   447     06FB  120A  118A  2785  120A  118A  	fcall	_PWM_Set
   448                           
   449                           ;main.c: 21:         }else if((RB1==1)&&(RB0==1)){
   450     0700  2EC9               	goto	l738
   451     0701                     l20:
   452     0701  1C86               	btfss	6,1	;volatile
   453     0702  2F04               	goto	u431
   454     0703  2F05               	goto	u430
   455     0704                     u431:
   456     0704  2F13               	goto	l756
   457     0705                     u430:
   458     0705                     l752:
   459     0705  1C06               	btfss	6,0	;volatile
   460     0706  2F08               	goto	u441
   461     0707  2F09               	goto	u440
   462     0708                     u441:
   463     0708  2F13               	goto	l756
   464     0709                     u440:
   465     0709                     l754:
   466                           
   467                           ;main.c: 22:             PWM_Set(100);
   468     0709  3064               	movlw	100
   469     070A  00AD               	movwf	PWM_Set@porcentaje
   470     070B  3000               	movlw	0
   471     070C  00AE               	movwf	PWM_Set@porcentaje+1
   472     070D  120A  118A  2785  120A  118A  	fcall	_PWM_Set
   473                           
   474                           ;main.c: 23:         }else{
   475     0712  2EC9               	goto	l738
   476     0713                     l756:
   477                           
   478                           ;main.c: 24:             PWM_Set(0);
   479     0713  3000               	movlw	0
   480     0714  00AD               	movwf	PWM_Set@porcentaje
   481     0715  00AE               	movwf	PWM_Set@porcentaje+1
   482     0716  120A  118A  2785  120A  118A  	fcall	_PWM_Set
   483     071B  2EC9               	goto	l738
   484     071C  120A  118A  2800   	ljmp	start
   485     071F                     __end_of_main:
   486                           
   487                           	psect	text1
   488     0785                     __ptext1:	
   489 ;; *************** function _PWM_Set *****************
   490 ;; Defined at:
   491 ;;		line 36 in file "PWM.c"
   492 ;; Parameters:    Size  Location     Type
   493 ;;  porcentaje      2   13[BANK0 ] int 
   494 ;; Auto vars:     Size  Location     Type
   495 ;;  duty            2   18[BANK0 ] unsigned short 
   496 ;; Return value:  Size  Location     Type
   497 ;;                  1    wreg      void 
   498 ;; Registers used:
   499 ;;		wreg, status,2, status,0, pclath, btemp1, cstack
   500 ;; Tracked objects:
   501 ;;		On entry : 0/0
   502 ;;		On exit  : 0/0
   503 ;;		Unchanged: 0/0
   504 ;; Data sizes:     COMMON   BANK0   BANK1   BANK3   BANK2
   505 ;;      Params:         0       2       0       0       0
   506 ;;      Locals:         0       2       0       0       0
   507 ;;      Temps:          0       3       0       0       0
   508 ;;      Totals:         0       7       0       0       0
   509 ;;Total ram usage:        7 bytes
   510 ;; Hardware stack levels used: 1
   511 ;; Hardware stack levels required when called: 1
   512 ;; This function calls:
   513 ;;		___lldiv
   514 ;;		___lmul
   515 ;; This function is called by:
   516 ;;		_main
   517 ;; This function uses a non-reentrant model
   518 ;;
   519                           
   520     0785                     _PWM_Set:	
   521                           ;psect for function _PWM_Set
   522                           
   523     0785                     l718:	
   524                           ;incstack = 0
   525                           ; Regs used in _PWM_Set: [wreg+status,2+status,0+pclath+btemp1+cstack]
   526                           
   527                           
   528                           ;PWM.c: 36: void PWM_Set(int porcentaje);PWM.c: 37: {;PWM.c: 38:     uint16_t duty;;PWM.
      +                          c: 41:     if (porcentaje > 100) porcentaje = 100;
   529     0785  1283               	bcf	3,5	;RP0=0, select bank0
   530     0786  1303               	bcf	3,6	;RP1=0, select bank0
   531     0787  082E               	movf	PWM_Set@porcentaje+1,w
   532     0788  3A80               	xorlw	128
   533     0789  00FF               	movwf	btemp1
   534     078A  3080               	movlw	128
   535     078B  027F               	subwf	btemp1,w
   536     078C  1D03               	skipz
   537     078D  2F90               	goto	u355
   538     078E  3065               	movlw	101
   539     078F  022D               	subwf	PWM_Set@porcentaje,w
   540     0790                     u355:
   541     0790  1C03               	skipc
   542     0791  2F93               	goto	u351
   543     0792  2F94               	goto	u350
   544     0793                     u351:
   545     0793  2F9A               	goto	l722
   546     0794                     u350:
   547     0794                     l720:
   548     0794  3064               	movlw	100
   549     0795  1283               	bcf	3,5	;RP0=0, select bank0
   550     0796  1303               	bcf	3,6	;RP1=0, select bank0
   551     0797  00AD               	movwf	PWM_Set@porcentaje
   552     0798  3000               	movlw	0
   553     0799  00AE               	movwf	PWM_Set@porcentaje+1
   554     079A                     l722:
   555                           
   556                           ;PWM.c: 42:     if (porcentaje < 0) porcentaje = 0;
   557     079A  1283               	bcf	3,5	;RP0=0, select bank0
   558     079B  1303               	bcf	3,6	;RP1=0, select bank0
   559     079C  1FAE               	btfss	PWM_Set@porcentaje+1,7
   560     079D  2F9F               	goto	u361
   561     079E  2FA0               	goto	u360
   562     079F                     u361:
   563     079F  2FA2               	goto	l726
   564     07A0                     u360:
   565     07A0                     l724:
   566     07A0  01AD               	clrf	PWM_Set@porcentaje
   567     07A1  01AE               	clrf	PWM_Set@porcentaje+1
   568     07A2                     l726:
   569                           
   570                           ;PWM.c: 45:     duty = (uint16_t)(((uint32_t)porcentaje * 1023U) / 100U);
   571     07A2  3000               	movlw	0
   572     07A3  00A3               	movwf	___lldiv@divisor+3
   573     07A4  3000               	movlw	0
   574     07A5  00A2               	movwf	___lldiv@divisor+2
   575     07A6  3000               	movlw	0
   576     07A7  00A1               	movwf	___lldiv@divisor+1
   577     07A8  3064               	movlw	100
   578     07A9  00A0               	movwf	___lldiv@divisor
   579     07AA  082D               	movf	PWM_Set@porcentaje,w
   580     07AB  00F0               	movwf	___lmul@multiplier
   581     07AC  082E               	movf	PWM_Set@porcentaje+1,w
   582     07AD  00F1               	movwf	___lmul@multiplier+1
   583     07AE  3000               	movlw	0
   584     07AF  1BF1               	btfsc	___lmul@multiplier+1,7
   585     07B0  30FF               	movlw	255
   586     07B1  00F2               	movwf	___lmul@multiplier+2
   587     07B2  00F3               	movwf	___lmul@multiplier+3
   588     07B3  3000               	movlw	0
   589     07B4  00F7               	movwf	___lmul@multiplicand+3
   590     07B5  3000               	movlw	0
   591     07B6  00F6               	movwf	___lmul@multiplicand+2
   592     07B7  3003               	movlw	3
   593     07B8  00F5               	movwf	___lmul@multiplicand+1
   594     07B9  30FF               	movlw	255
   595     07BA  00F4               	movwf	___lmul@multiplicand
   596     07BB  120A  118A  267A  120A  118A  	fcall	___lmul
   597     07C0  0873               	movf	?___lmul+3,w
   598     07C1  1283               	bcf	3,5	;RP0=0, select bank0
   599     07C2  1303               	bcf	3,6	;RP1=0, select bank0
   600     07C3  00A7               	movwf	___lldiv@dividend+3
   601     07C4  0872               	movf	?___lmul+2,w
   602     07C5  00A6               	movwf	___lldiv@dividend+2
   603     07C6  0871               	movf	?___lmul+1,w
   604     07C7  00A5               	movwf	___lldiv@dividend+1
   605     07C8  0870               	movf	?___lmul,w
   606     07C9  00A4               	movwf	___lldiv@dividend
   607     07CA  120A  118A  271F  120A  118A  	fcall	___lldiv
   608     07CF  1283               	bcf	3,5	;RP0=0, select bank0
   609     07D0  1303               	bcf	3,6	;RP1=0, select bank0
   610     07D1  0821               	movf	?___lldiv+1,w
   611     07D2  00B3               	movwf	PWM_Set@duty+1
   612     07D3  0820               	movf	?___lldiv,w
   613     07D4  00B2               	movwf	PWM_Set@duty
   614     07D5                     l728:
   615                           
   616                           ;PWM.c: 48:     CCPR2L = (uint8_t)(duty >> 2);
   617     07D5  0833               	movf	PWM_Set@duty+1,w
   618     07D6  00B0               	movwf	??_PWM_Set+1
   619     07D7  0832               	movf	PWM_Set@duty,w
   620     07D8  00AF               	movwf	??_PWM_Set
   621     07D9  1003               	clrc
   622     07DA  0CB0               	rrf	??_PWM_Set+1,f
   623     07DB  0CAF               	rrf	??_PWM_Set,f
   624     07DC  1003               	clrc
   625     07DD  0CB0               	rrf	??_PWM_Set+1,f
   626     07DE  0CAF               	rrf	??_PWM_Set,f
   627     07DF  082F               	movf	??_PWM_Set,w
   628     07E0  009B               	movwf	27	;volatile
   629     07E1                     l730:
   630                           
   631                           ;PWM.c: 51:     CCP2CONbits.CCP2X = (duty & 0x02) >> 1;
   632     07E1  0833               	movf	PWM_Set@duty+1,w
   633     07E2  00B0               	movwf	??_PWM_Set+1
   634     07E3  0832               	movf	PWM_Set@duty,w
   635     07E4  00AF               	movwf	??_PWM_Set
   636     07E5  1003               	clrc
   637     07E6  0CB0               	rrf	??_PWM_Set+1,f
   638     07E7  0CAF               	rrf	??_PWM_Set,f
   639     07E8  082F               	movf	??_PWM_Set,w
   640     07E9  3901               	andlw	1
   641     07EA  00B1               	movwf	??_PWM_Set+2
   642     07EB  0EB1               	swapf	??_PWM_Set+2,f
   643     07EC  0DB1               	rlf	??_PWM_Set+2,f
   644     07ED  081D               	movf	29,w	;volatile
   645     07EE  0631               	xorwf	??_PWM_Set+2,w
   646     07EF  39DF               	andlw	-33
   647     07F0  0631               	xorwf	??_PWM_Set+2,w
   648     07F1  009D               	movwf	29	;volatile
   649     07F2                     l732:
   650                           
   651                           ;PWM.c: 52:     CCP2CONbits.CCP2Y = (duty & 0x01);
   652     07F2  0832               	movf	PWM_Set@duty,w
   653     07F3  3901               	andlw	1
   654     07F4  00AF               	movwf	??_PWM_Set
   655     07F5  0EAF               	swapf	??_PWM_Set,f
   656     07F6  081D               	movf	29,w	;volatile
   657     07F7  062F               	xorwf	??_PWM_Set,w
   658     07F8  39EF               	andlw	-17
   659     07F9  062F               	xorwf	??_PWM_Set,w
   660     07FA  009D               	movwf	29	;volatile
   661     07FB                     l48:
   662     07FB  0008               	return
   663     07FC                     __end_of_PWM_Set:
   664                           
   665                           	psect	text2
   666     067A                     __ptext2:	
   667 ;; *************** function ___lmul *****************
   668 ;; Defined at:
   669 ;;		line 15 in file "C:\Program Files\Microchip\xc8\v3.10\pic\sources\c99\common\Umul32.c"
   670 ;; Parameters:    Size  Location     Type
   671 ;;  multiplier      4    0[COMMON] unsigned long 
   672 ;;  multiplicand    4    4[COMMON] unsigned long 
   673 ;; Auto vars:     Size  Location     Type
   674 ;;  product         4    9[COMMON] unsigned long 
   675 ;; Return value:  Size  Location     Type
   676 ;;                  4    0[COMMON] unsigned long 
   677 ;; Registers used:
   678 ;;		wreg, status,2, status,0
   679 ;; Tracked objects:
   680 ;;		On entry : 0/0
   681 ;;		On exit  : 0/0
   682 ;;		Unchanged: 0/0
   683 ;; Data sizes:     COMMON   BANK0   BANK1   BANK3   BANK2
   684 ;;      Params:         8       0       0       0       0
   685 ;;      Locals:         4       0       0       0       0
   686 ;;      Temps:          1       0       0       0       0
   687 ;;      Totals:        13       0       0       0       0
   688 ;;Total ram usage:       13 bytes
   689 ;; Hardware stack levels used: 1
   690 ;; This function calls:
   691 ;;		Nothing
   692 ;; This function is called by:
   693 ;;		_PWM_Set
   694 ;; This function uses a non-reentrant model
   695 ;;
   696                           
   697     067A                     ___lmul:	
   698                           ;psect for function ___lmul
   699                           
   700     067A                     l680:	
   701                           ;incstack = 0
   702                           ; Regs used in ___lmul: [wreg+status,2+status,0]
   703                           
   704     067A  3000               	movlw	0
   705     067B  00FC               	movwf	___lmul@product+3
   706     067C  3000               	movlw	0
   707     067D  00FB               	movwf	___lmul@product+2
   708     067E  3000               	movlw	0
   709     067F  00FA               	movwf	___lmul@product+1
   710     0680  3000               	movlw	0
   711     0681  00F9               	movwf	___lmul@product
   712     0682                     l682:
   713     0682  1C70               	btfss	___lmul@multiplier,0
   714     0683  2E85               	goto	u231
   715     0684  2E86               	goto	u230
   716     0685                     u231:
   717     0685  2E9D               	goto	l686
   718     0686                     u230:
   719     0686                     l684:
   720     0686  0874               	movf	___lmul@multiplicand,w
   721     0687  07F9               	addwf	___lmul@product,f
   722     0688  0875               	movf	___lmul@multiplicand+1,w
   723     0689  1103               	clrz
   724     068A  1803               	skipnc
   725     068B  3E01               	addlw	1
   726     068C  1903               	skipnz
   727     068D  2E8F               	goto	u241
   728     068E  07FA               	addwf	___lmul@product+1,f
   729     068F                     u241:
   730     068F  0876               	movf	___lmul@multiplicand+2,w
   731     0690  1103               	clrz
   732     0691  1803               	skipnc
   733     0692  3E01               	addlw	1
   734     0693  1903               	skipnz
   735     0694  2E96               	goto	u242
   736     0695  07FB               	addwf	___lmul@product+2,f
   737     0696                     u242:
   738     0696  0877               	movf	___lmul@multiplicand+3,w
   739     0697  1103               	clrz
   740     0698  1803               	skipnc
   741     0699  3E01               	addlw	1
   742     069A  1903               	skipnz
   743     069B  2E9D               	goto	u243
   744     069C  07FC               	addwf	___lmul@product+3,f
   745     069D                     u243:
   746     069D                     l686:
   747     069D  3001               	movlw	1
   748     069E  00F8               	movwf	??___lmul
   749     069F                     u255:
   750     069F  1003               	clrc
   751     06A0  0DF4               	rlf	___lmul@multiplicand,f
   752     06A1  0DF5               	rlf	___lmul@multiplicand+1,f
   753     06A2  0DF6               	rlf	___lmul@multiplicand+2,f
   754     06A3  0DF7               	rlf	___lmul@multiplicand+3,f
   755     06A4  0BF8               	decfsz	??___lmul,f
   756     06A5  2E9F               	goto	u255
   757     06A6                     l688:
   758     06A6  3001               	movlw	1
   759     06A7                     u265:
   760     06A7  1003               	clrc
   761     06A8  0CF3               	rrf	___lmul@multiplier+3,f
   762     06A9  0CF2               	rrf	___lmul@multiplier+2,f
   763     06AA  0CF1               	rrf	___lmul@multiplier+1,f
   764     06AB  0CF0               	rrf	___lmul@multiplier,f
   765     06AC  3EFF               	addlw	-1
   766     06AD  1D03               	skipz
   767     06AE  2EA7               	goto	u265
   768     06AF  0873               	movf	___lmul@multiplier+3,w
   769     06B0  0472               	iorwf	___lmul@multiplier+2,w
   770     06B1  0471               	iorwf	___lmul@multiplier+1,w
   771     06B2  0470               	iorwf	___lmul@multiplier,w
   772     06B3  1D03               	skipz
   773     06B4  2EB6               	goto	u271
   774     06B5  2EB7               	goto	u270
   775     06B6                     u271:
   776     06B6  2E82               	goto	l682
   777     06B7                     u270:
   778     06B7                     l690:
   779     06B7  087C               	movf	___lmul@product+3,w
   780     06B8  00F3               	movwf	?___lmul+3
   781     06B9  087B               	movf	___lmul@product+2,w
   782     06BA  00F2               	movwf	?___lmul+2
   783     06BB  087A               	movf	___lmul@product+1,w
   784     06BC  00F1               	movwf	?___lmul+1
   785     06BD  0879               	movf	___lmul@product,w
   786     06BE  00F0               	movwf	?___lmul
   787     06BF                     l148:
   788     06BF  0008               	return
   789     06C0                     __end_of___lmul:
   790                           
   791                           	psect	text3
   792     071F                     __ptext3:	
   793 ;; *************** function ___lldiv *****************
   794 ;; Defined at:
   795 ;;		line 5 in file "C:\Program Files\Microchip\xc8\v3.10\pic\sources\c99\common\__lldiv.c"
   796 ;; Parameters:    Size  Location     Type
   797 ;;  divisor         4    0[BANK0 ] unsigned long 
   798 ;;  dividend        4    4[BANK0 ] unsigned long 
   799 ;; Auto vars:     Size  Location     Type
   800 ;;  quotient        4    8[BANK0 ] unsigned long 
   801 ;;  counter         1   12[BANK0 ] unsigned char 
   802 ;; Return value:  Size  Location     Type
   803 ;;                  4    0[BANK0 ] unsigned long 
   804 ;; Registers used:
   805 ;;		wreg, status,2, status,0
   806 ;; Tracked objects:
   807 ;;		On entry : 0/0
   808 ;;		On exit  : 0/0
   809 ;;		Unchanged: 0/0
   810 ;; Data sizes:     COMMON   BANK0   BANK1   BANK3   BANK2
   811 ;;      Params:         0       8       0       0       0
   812 ;;      Locals:         0       5       0       0       0
   813 ;;      Temps:          1       0       0       0       0
   814 ;;      Totals:         1      13       0       0       0
   815 ;;Total ram usage:       14 bytes
   816 ;; Hardware stack levels used: 1
   817 ;; This function calls:
   818 ;;		Nothing
   819 ;; This function is called by:
   820 ;;		_PWM_Set
   821 ;; This function uses a non-reentrant model
   822 ;;
   823                           
   824     071F                     ___lldiv:	
   825                           ;psect for function ___lldiv
   826                           
   827     071F                     l694:	
   828                           ;incstack = 0
   829                           ; Regs used in ___lldiv: [wreg+status,2+status,0]
   830                           
   831     071F  3000               	movlw	0
   832     0720  1283               	bcf	3,5	;RP0=0, select bank0
   833     0721  1303               	bcf	3,6	;RP1=0, select bank0
   834     0722  00AB               	movwf	___lldiv@quotient+3
   835     0723  3000               	movlw	0
   836     0724  00AA               	movwf	___lldiv@quotient+2
   837     0725  3000               	movlw	0
   838     0726  00A9               	movwf	___lldiv@quotient+1
   839     0727  3000               	movlw	0
   840     0728  00A8               	movwf	___lldiv@quotient
   841     0729  0823               	movf	___lldiv@divisor+3,w
   842     072A  0422               	iorwf	___lldiv@divisor+2,w
   843     072B  0421               	iorwf	___lldiv@divisor+1,w
   844     072C  0420               	iorwf	___lldiv@divisor,w
   845     072D  1903               	skipnz
   846     072E  2F30               	goto	u281
   847     072F  2F31               	goto	u280
   848     0730                     u281:
   849     0730  2F7C               	goto	l714
   850     0731                     u280:
   851     0731                     l696:
   852     0731  3001               	movlw	1
   853     0732  00AC               	movwf	___lldiv@counter
   854     0733  2F3F               	goto	l700
   855     0734                     l698:
   856     0734  3001               	movlw	1
   857     0735  00FD               	movwf	??___lldiv
   858     0736                     u295:
   859     0736  1003               	clrc
   860     0737  0DA0               	rlf	___lldiv@divisor,f
   861     0738  0DA1               	rlf	___lldiv@divisor+1,f
   862     0739  0DA2               	rlf	___lldiv@divisor+2,f
   863     073A  0DA3               	rlf	___lldiv@divisor+3,f
   864     073B  0BFD               	decfsz	??___lldiv,f
   865     073C  2F36               	goto	u295
   866     073D  3001               	movlw	1
   867     073E  07AC               	addwf	___lldiv@counter,f
   868     073F                     l700:
   869     073F  1FA3               	btfss	___lldiv@divisor+3,7
   870     0740  2F42               	goto	u301
   871     0741  2F43               	goto	u300
   872     0742                     u301:
   873     0742  2F34               	goto	l698
   874     0743                     u300:
   875     0743                     l702:
   876     0743  3001               	movlw	1
   877     0744  00FD               	movwf	??___lldiv
   878     0745                     u315:
   879     0745  1003               	clrc
   880     0746  0DA8               	rlf	___lldiv@quotient,f
   881     0747  0DA9               	rlf	___lldiv@quotient+1,f
   882     0748  0DAA               	rlf	___lldiv@quotient+2,f
   883     0749  0DAB               	rlf	___lldiv@quotient+3,f
   884     074A  0BFD               	decfsz	??___lldiv,f
   885     074B  2F45               	goto	u315
   886     074C                     l704:
   887     074C  0823               	movf	___lldiv@divisor+3,w
   888     074D  0227               	subwf	___lldiv@dividend+3,w
   889     074E  1D03               	skipz
   890     074F  2F5A               	goto	u325
   891     0750  0822               	movf	___lldiv@divisor+2,w
   892     0751  0226               	subwf	___lldiv@dividend+2,w
   893     0752  1D03               	skipz
   894     0753  2F5A               	goto	u325
   895     0754  0821               	movf	___lldiv@divisor+1,w
   896     0755  0225               	subwf	___lldiv@dividend+1,w
   897     0756  1D03               	skipz
   898     0757  2F5A               	goto	u325
   899     0758  0820               	movf	___lldiv@divisor,w
   900     0759  0224               	subwf	___lldiv@dividend,w
   901     075A                     u325:
   902     075A  1C03               	skipc
   903     075B  2F5D               	goto	u321
   904     075C  2F5E               	goto	u320
   905     075D                     u321:
   906     075D  2F6D               	goto	l710
   907     075E                     u320:
   908     075E                     l706:
   909     075E  0820               	movf	___lldiv@divisor,w
   910     075F  02A4               	subwf	___lldiv@dividend,f
   911     0760  0821               	movf	___lldiv@divisor+1,w
   912     0761  1C03               	skipc
   913     0762  0F21               	incfsz	___lldiv@divisor+1,w
   914     0763  02A5               	subwf	___lldiv@dividend+1,f
   915     0764  0822               	movf	___lldiv@divisor+2,w
   916     0765  1C03               	skipc
   917     0766  0F22               	incfsz	___lldiv@divisor+2,w
   918     0767  02A6               	subwf	___lldiv@dividend+2,f
   919     0768  0823               	movf	___lldiv@divisor+3,w
   920     0769  1C03               	skipc
   921     076A  0F23               	incfsz	___lldiv@divisor+3,w
   922     076B  02A7               	subwf	___lldiv@dividend+3,f
   923     076C                     l708:
   924     076C  1428               	bsf	___lldiv@quotient,0
   925     076D                     l710:
   926     076D  3001               	movlw	1
   927     076E                     u335:
   928     076E  1003               	clrc
   929     076F  0CA3               	rrf	___lldiv@divisor+3,f
   930     0770  0CA2               	rrf	___lldiv@divisor+2,f
   931     0771  0CA1               	rrf	___lldiv@divisor+1,f
   932     0772  0CA0               	rrf	___lldiv@divisor,f
   933     0773  3EFF               	addlw	-1
   934     0774  1D03               	skipz
   935     0775  2F6E               	goto	u335
   936     0776                     l712:
   937     0776  3001               	movlw	1
   938     0777  02AC               	subwf	___lldiv@counter,f
   939     0778  1D03               	btfss	3,2
   940     0779  2F7B               	goto	u341
   941     077A  2F7C               	goto	u340
   942     077B                     u341:
   943     077B  2F43               	goto	l702
   944     077C                     u340:
   945     077C                     l714:
   946     077C  082B               	movf	___lldiv@quotient+3,w
   947     077D  00A3               	movwf	?___lldiv+3
   948     077E  082A               	movf	___lldiv@quotient+2,w
   949     077F  00A2               	movwf	?___lldiv+2
   950     0780  0829               	movf	___lldiv@quotient+1,w
   951     0781  00A1               	movwf	?___lldiv+1
   952     0782  0828               	movf	___lldiv@quotient,w
   953     0783  00A0               	movwf	?___lldiv
   954     0784                     l170:
   955     0784  0008               	return
   956     0785                     __end_of___lldiv:
   957                           
   958                           	psect	text4
   959     066A                     __ptext4:	
   960 ;; *************** function _PWM_Init *****************
   961 ;; Defined at:
   962 ;;		line 12 in file "PWM.c"
   963 ;; Parameters:    Size  Location     Type
   964 ;;		None
   965 ;; Auto vars:     Size  Location     Type
   966 ;;		None
   967 ;; Return value:  Size  Location     Type
   968 ;;                  1    wreg      void 
   969 ;; Registers used:
   970 ;;		status,2
   971 ;; Tracked objects:
   972 ;;		On entry : 0/0
   973 ;;		On exit  : 0/0
   974 ;;		Unchanged: 0/0
   975 ;; Data sizes:     COMMON   BANK0   BANK1   BANK3   BANK2
   976 ;;      Params:         0       0       0       0       0
   977 ;;      Locals:         0       0       0       0       0
   978 ;;      Temps:          0       0       0       0       0
   979 ;;      Totals:         0       0       0       0       0
   980 ;;Total ram usage:        0 bytes
   981 ;; Hardware stack levels used: 1
   982 ;; This function calls:
   983 ;;		Nothing
   984 ;; This function is called by:
   985 ;;		_main
   986 ;; This function uses a non-reentrant model
   987 ;;
   988                           
   989     066A                     _PWM_Init:	
   990                           ;psect for function _PWM_Init
   991                           
   992     066A                     l630:	
   993                           ;incstack = 0
   994                           ; Regs used in _PWM_Init: [status,2]
   995                           
   996                           
   997                           ;PWM.c: 15:     TRISCbits.TRISC1 = 0;
   998     066A  1683               	bsf	3,5	;RP0=1, select bank1
   999     066B  1303               	bcf	3,6	;RP1=0, select bank1
  1000     066C  1087               	bcf	7,1	;volatile
  1001                           
  1002                           ;PWM.c: 19:     PR2 = 0xFF;
  1003     066D  30FF               	movlw	255
  1004     066E  0092               	movwf	18	;volatile
  1005                           
  1006                           ;PWM.c: 22:     CCP2CON = 0x0C;
  1007     066F  300C               	movlw	12
  1008     0670  1283               	bcf	3,5	;RP0=0, select bank0
  1009     0671  1303               	bcf	3,6	;RP1=0, select bank0
  1010     0672  009D               	movwf	29	;volatile
  1011     0673                     l632:
  1012                           
  1013                           ;PWM.c: 25:     CCPR2L = 0x00;
  1014     0673  019B               	clrf	27	;volatile
  1015     0674                     l634:
  1016                           
  1017                           ;PWM.c: 26:     CCP2CONbits.CCP2X = 0;
  1018     0674  129D               	bcf	29,5	;volatile
  1019     0675                     l636:
  1020                           
  1021                           ;PWM.c: 27:     CCP2CONbits.CCP2Y = 0;
  1022     0675  121D               	bcf	29,4	;volatile
  1023     0676                     l638:
  1024                           
  1025                           ;PWM.c: 31:     T2CON = 0x04;
  1026     0676  3004               	movlw	4
  1027     0677  0092               	movwf	18	;volatile
  1028                           
  1029                           ;PWM.c: 32:     TMR2 = 0x00;
  1030     0678  0191               	clrf	17	;volatile
  1031     0679                     l43:
  1032     0679  0008               	return
  1033     067A                     __end_of_PWM_Init:
  1034     0002                     ___latbits      equ	2
  1035     007E                     btemp           set	126	;btemp
  1036     007E                     btemp0          set	126
  1037     007F                     btemp1          set	127
  1038     007E                     wtemp0          set	126
  1039     007F                     wtemp0a         set	127
  1040     007F                     ttemp0a         set	127
  1041     0080                     ltemp0a         set	128

Data Sizes:
    Strings     0
    Constant    0
    Data        0
    BSS         0
    Persistent  0
    Stack       0

Auto Spaces:
    Space          Size  Autos    Used
    COMMON           14     14      14
    BANK0            80     20      20
    BANK1            80      0       0
    BANK3            96      0       0
    BANK2            96      0       0

Pointer List with Targets:

    None.

Critical Paths under _main in COMMON

    _PWM_Set->___lldiv
    ___lldiv->___lmul

Critical Paths under _main in BANK0

    _main->_PWM_Set
    _PWM_Set->___lldiv

Critical Paths under _main in BANK1

    None.

Critical Paths under _main in BANK3

    None.

Critical Paths under _main in BANK2

    None.

Call Graph Tables:

 ---------------------------------------------------------------------------------
 (Depth) Function   	        Calls       Base Space   Used Autos Params    Refs
 ---------------------------------------------------------------------------------
 (0) _main                                                 0     0      0     398
                           _PWM_Init
                            _PWM_Set
 ---------------------------------------------------------------------------------
 (1) _PWM_Set                                              7     5      2     398
                                             13 BANK0      7     5      2
                            ___lldiv
                             ___lmul
 ---------------------------------------------------------------------------------
 (2) ___lmul                                              13     5      8      94
                                              0 COMMON    13     5      8
 ---------------------------------------------------------------------------------
 (2) ___lldiv                                             14     6      8     164
                                             13 COMMON     1     1      0
                                              0 BANK0     13     5      8
                             ___lmul (ARG)
 ---------------------------------------------------------------------------------
 (1) _PWM_Init                                             0     0      0       0
 ---------------------------------------------------------------------------------
 Estimated maximum stack depth 2
 ---------------------------------------------------------------------------------

 Call Graph Graphs:

 _main (ROOT)
   _PWM_Init
   _PWM_Set
     ___lldiv
       ___lmul (ARG)
     ___lmul

Address spaces:
Name               Size   Autos  Total    Usage
BITCOMMON           14      0       0      0.0%
BITBANK0            80      0       0      0.0%
BITBANK1            80      0       0      0.0%
BITBANK3            96      0       0      0.0%
BITBANK2            96      0       0      0.0%
COMMON              14     14      14    100.0%
BANK0               80     20      20     25.0%
BANK1               80      0       0      0.0%
BANK3               96      0       0      0.0%
BANK2               96      0       0      0.0%
STACK                0      0       0      0.0%
DATA                 0      0      34      0.0%


Microchip Technology PIC Macro Assembler V3.10 build 20250813170317 
Symbol Table                                                                                   Thu May 21 10:24:05 2026

                     l20 0701                       l16 06DD                       l18 06EF  
                     l43 0679                       l48 07FB                      l170 0784  
                    l148 06BF                      l700 073F                      l630 066A  
                    l710 076D                      l702 0743                      l632 0673  
                    l712 0776                      l704 074C                      l720 0794  
                    l634 0674                      l706 075E                      l714 077C  
                    l730 07E1                      l722 079A                      l636 0675  
                    l708 076C                      l732 07F2                      l724 07A0  
                    l740 06CF                      l638 0676                      l726 07A2  
                    l718 0785                      l750 06F7                      l742 06D3  
                    l734 06C0                      l680 067A                      l728 07D5  
                    l752 0705                      l744 06E1                      l736 06C5  
                    l690 06B7                      l682 0682                      l754 0709  
                    l746 06E5                      l738 06C9                      l684 0686  
                    l756 0713                      l748 06F3                      l694 071F  
                    l686 069D                      l696 0731                      l688 06A6  
                    l698 0734                      _RB0 0030                      _RB1 0031  
                    u300 0743                      u301 0742                      u230 0686  
                    u231 0685                      u320 075E                      u400 06E5  
                    u321 075D                      u241 068F                      u401 06E4  
                    u242 0696                      u410 06F3                      u315 0745  
                    u243 069D                      u411 06F2                      u340 077C  
                    u420 06F7                      u341 077B                      u325 075A  
                    u421 06F6                      u270 06B7                      u350 0794  
                    u430 0705                      _PR2 0092                      u335 076E  
                    u271 06B6                      u255 069F                      u351 0793  
                    u431 0704                      u280 0731                      u360 07A0  
                    u440 0709                      u281 0730                      u265 06A7  
                    u361 079F                      u441 0708                      u370 06CF  
                    u355 0790                      u371 06CE                      u380 06D3  
                    u381 06D2                      u390 06E1                      u295 0736  
                    u391 06E0                     _TMR2 0011                     _main 06C0  
                   btemp 007E          __end_of_PWM_Set 07FC                     start 0000  
                  ?_main 0070          __end_of___lldiv 0785                    _T2CON 0012  
                  _TRISB 0086      ___lmul@multiplicand 0074                    btemp0 007E  
                  btemp1 007F         __end_of_PWM_Init 067A                    status 0003  
                  wtemp0 007E          __initialization 07FC             __end_of_main 071F  
                 ??_main 007E                   _CCPR2L 001B                ??_PWM_Set 002F  
                 ___lmul 067A                ??___lldiv 007D                   ltemp0a 0080  
                 ttemp0a 007F                   wtemp0a 007F  __end_of__initialization 07FC  
         __pcstackCOMMON 0070                ?_PWM_Init 0070               __pmaintext 06C0  
                ?___lmul 0070                  _CCP2CON 001D           ___lmul@product 0079  
             ??_PWM_Init 0070                  _PWM_Set 0785                  ___lldiv 071F  
                __ptext1 0785                  __ptext2 067A                  __ptext3 071F  
                __ptext4 066A     end_of_initialization 07FC          ___lldiv@divisor 0020  
        ___lldiv@counter 002C                _TRISCbits 0087              _CCP2CONbits 001D  
         __end_of___lmul 06C0      start_initialization 07FC                 ??___lmul 0078  
            PWM_Set@duty 0032                ___latbits 0002            __pcstackBANK0 0020  
               ?_PWM_Set 002D                 ?___lldiv 0020                 _PWM_Init 066A  
      ___lmul@multiplier 0070         ___lldiv@dividend 0024         ___lldiv@quotient 0028  
      PWM_Set@porcentaje 002D  
